Try_out/price_demand_dataset_cyclical_quantities.csv
Date,Product_ID,Market_Price,Base_Price,Quantity_Demanded
2024-01-01,7,3503.63,3361.63,48
2024-01-02,7,3508.83,3380.83,49
2024-01-03,7,3507.61,3348.61,47
2024-01-04,7,3525.29,3374.29,46
2024-01-05,7,3530.31,3375.31,45
2024-01-06,7,3548.74,3452.74,51
2024-01-07,7,3542.23,3429.23,49
2024-01-08,7,3535.89,3422.89,50
2024-01-09,7,3541.16,3405.16,47
2024-01-10,7,3538.55,3482.55,55
2024-01-11,7,3555.41,3484.41,50
2024-01-12,7,3558.82,3428.82,52
2024-01-13,7,3548.38,3425.38,45
2024-01-14,7,3531.01,3344.01,47
2024-01-15,7,3530.23,3346.23,47
2024-01-16,7,3529.34,3355.34,45
2024-01-17,7,3532.47,3433.47,51
2024-01-18,7,3544.58,3443.58,53
2024-01-19,7,3555.37,3505.37,48
2024-01-20,7,3549.58,3496.58,53
2024-01-21,7,3536.64,3342.64,40
2024-01-22,7,3524.3,3343.3,44
2024-01-23,7,3516.94,3463.94,56
2024-01-24,7,3513.27,3463.27,51
2024-01-25,7,3516.32,3396.32,47
2024-01-26,7,3508.31,3424.31,50
2024-01-27,7,3511.11,3454.11,56
2024-01-28,7,3514.73,3429.73,47
2024-01-29,7,3516.17,3344.17,44
2024-01-30,7,3504.88,3412.88,53
2024-01-31,7,3509.56,3433.56,55
2024-02-01,7,3530.37,3449.37,51
2024-02-02,7,3532.83,3405.83,46
2024-02-03,7,3503.3,3333.3,51
2024-02-04,7,3515.71,3320.71,48
2024-02-05,7,3508.68,3443.68,53
2024-02-06,7,3531.34,3383.34,46
2024-02-07,7,3532.5,3436.5,50
2024-02-08,7,3515.65,3435.65,51
2024-02-09,7,3495.01,3442.01,53
2024-02-10,7,3510.4,3444.4,55
2024-02-11,7,3521.46,3433.46,52
2024-02-12,7,3543.72,3446.72,48
2024-02-13,7,3543.83,3455.83,53
2024-02-14,7,3543.27,3362.27,47
2024-02-15,7,3539.44,3460.44,52
2024-02-16,7,3532.86,3461.86,54
2024-02-17,7,3528.93,3413.93,47
2024-02-18,7,3531.11,3374.11,47
2024-02-19,7,3522.67,3461.67,51
2024-02-20,7,3505.98,3420.98,48
2024-02-21,7,3507.58,3440.58,52
2024-02-22,7,3498.91,3359.91,53
2024-02-23,7,3466.52,3416.52,49
2024-02-24,7,3472.04,3296.04,46
2024-02-25,7,3460.96,3321.96,49
2024-02-26,7,3467.58,3331.58,48
2024-02-27,7,3473.96,3334.96,48
2024-02-28,7,3476.8,3293.8,43
2024-02-29,7,3501.76,3382.76,50
2024-03-01,7,3500.38,3407.38,49
2024-03-02,7,3497.53,3362.53,44
2024-03-03,7,3504.36,3436.36,54
2024-03-04,7,3503.81,3353.81,49
2024-03-05,7,3515.41,3320.41,45
2024-03-06,7,3502.73,3358.73,48
2024-03-07,7,3490.2,3340.2,50
2024-03-08,7,3497.86,3418.86,51
2024-03-09,7,3486.21,3404.21,53
2024-03-10,7,3492.31,3431.31,51
2024-03-11,7,3496.01,3329.01,49
2024-03-12,7,3489.06,3346.06,48
2024-03-13,7,3492.73,3306.73,46
2024-03-14,7,3480.39,3282.39,43
2024-03-15,7,3470.39,3345.39,49
2024-03-16,7,3468.02,3390.02,49
2024-03-17,7,3468.81,3302.81,45
2024-03-18,7,3465.77,3401.77,50
2024-03-19,7,3470.1,3419.1,50
2024-03-20,7,3473.98,3307.98,51
2024-03-21,7,3489.28,3422.28,54
2024-03-22,7,3488.33,3436.33,56
2024-03-23,7,3500.27,3316.27,43
2024-03-24,7,3509.48,3352.48,47
2024-03-25,7,3532.42,3388.42,45
2024-03-26,7,3531.15,3360.15,45
2024-03-27,7,3526.94,3466.94,50
2024-03-28,7,3539.52,3422.52,52
2024-03-29,7,3543.37,3371.37,46
2024-03-30,7,3556.19,3394.19,49
2024-03-31,7,3563.36,3416.36,49
2024-04-01,7,3542.29,3400.29,53
2024-04-02,7,3546.05,3475.05,48
2024-04-03,7,3549.17,3373.17,49
2024-04-04,7,3550.5,3367.5,48
2024-04-05,7,3549.17,3475.17,49
2024-04-06,7,3533.25,3399.25,50
2024-04-07,7,3541.99,3437.99,50
2024-04-08,7,3545.73,3352.73,45
2024-04-09,7,3556.75,3412.75,46
2024-04-10,7,3541.36,3350.36,44
2024-04-11,7,3546.44,3378.44,51
2024-04-12,7,3544.09,3486.09,52
2024-04-13,7,3545.53,3346.53,47
2024-04-14,7,3543.3,3452.3,49
2024-04-15,7,3548.73,3446.73,48
2024-04-16,7,3547.1,3424.1,51
2024-04-17,7,3536.58,3448.58,48
2024-04-18,7,3537.45,3366.45,46
2024-04-19,7,3535.31,3471.31,52
2024-04-20,7,3534.47,3362.47,47
2024-04-21,7,3502.59,3342.59,47
2024-04-22,7,3509.42,3329.42,47
2024-04-23,7,3506.27,3374.27,50
2024-04-24,7,3492.79,3433.79,54
2024-04-25,7,3502.02,3361.02,46
2024-04-26,7,3508.38,3430.38,51
2024-04-27,7,3505.11,3421.11,53
2024-04-28,7,3493.59,3438.59,54
2024-04-29,7,3495.37,3306.37,43
2024-04-30,7,3496.6,3336.6,48
2024-05-01,7,3505.84,3418.84,47
2024-05-02,7,3501.4,3375.4,49
2024-05-03,7,3513.35,3371.35,52
2024-05-04,7,3507.95,3311.95,43
2024-05-05,7,3494.49,3378.49,48
2024-05-06,7,3483.17,3298.17,47
2024-05-07,7,3482.55,3425.55,49
2024-05-08,7,3481.89,3310.89,45
2024-05-09,7,3485.17,3352.17,50
2024-05-10,7,3484.26,3303.26,45
2024-05-11,7,3494.04,3360.04,48
2024-05-12,7,3491.43,3397.43,52
2024-05-13,7,3471.46,3286.46,47
2024-05-14,7,3470.25,3334.25,49
2024-05-15,7,3450.19,3385.19,51
2024-05-16,7,3452.9,3326.9,49
2024-05-17,7,3463.47,3405.47,52
2024-05-18,7,3453.61,3344.61,50
2024-05-19,7,3467.79,3340.79,48
2024-05-20,7,3476.22,3350.22,48
2024-05-21,7,3488.29,3368.29,47
2024-05-22,7,3490.18,3426.18,52
2024-05-23,7,3480.26,3360.26,47
2024-05-24,7,3488.06,3337.06,45
2024-05-25,7,3481.82,3410.82,52
2024-05-26,7,3483.0,3321.0,47
2024-05-27,7,3481.28,3431.28,54
2024-05-28,7,3492.53,3433.53,51
2024-05-29,7,3499.83,3340.83,48
2024-05-30,7,3499.03,3337.03,48
2024-05-31,7,3479.51,3380.51,51
2024-06-01,7,3473.16,3412.16,50
2024-06-02,7,3480.2,3342.2,48
2024-06-03,7,3483.0,3322.0,48
2024-06-04,7,3467.97,3340.97,49
2024-06-05,7,3449.9,3279.9,42
2024-06-06,7,3451.86,3379.86,52
2024-06-07,7,3441.29,3258.29,50
2024-06-08,7,3431.68,3357.68,51
2024-06-09,7,3438.41,3371.41,50
2024-06-10,7,3450.43,3260.43,46
2024-06-11,7,3442.92,3350.92,51
2024-06-12,7,3442.48,3315.48,51
2024-06-13,7,3441.73,3364.73,49
2024-06-14,7,3440.09,3245.09,47
2024-06-15,7,3440.5,3332.5,51
2024-06-16,7,3448.06,3336.06,49
2024-06-17,7,3441.32,3300.32,49
2024-06-18,7,3426.07,3321.07,52
2024-06-19,7,3442.97,3282.97,49
2024-06-20,7,3453.86,3267.86,43
2024-06-21,7,3442.83,3325.83,51
2024-06-22,7,3444.18,3349.18,50
2024-06-23,7,3454.29,3338.29,49
2024-06-24,7,3461.78,3276.78,46
2024-06-25,7,3466.4,3411.4,52
2024-06-26,7,3464.7,3391.7,54
2024-06-27,7,3481.97,3338.97,48
2024-06-28,7,3484.18,3422.18,50
2024-06-29,7,3479.03,3405.03,51
2024-06-30,7,3487.74,3290.74,46
2024-07-01,7,3488.7,3321.7,49
2024-07-02,7,3492.2,3361.2,50
2024-07-03,7,3494.23,3334.23,45
2024-07-04,7,3499.2,3368.2,53
2024-07-05,7,3489.42,3374.42,50
2024-07-06,7,3474.9,3380.9,53
2024-07-07,7,3489.25,3326.25,47
2024-07-08,7,3491.74,3379.74,50
2024-07-09,7,3499.45,3374.45,50
2024-07-10,7,3481.85,3318.85,49
2024-07-11,7,3492.52,3332.52,49
2024-07-12,7,3487.3,3291.3,47
2024-07-13,7,3479.24,3395.24,50
2024-07-14,7,3478.61,3376.61,49
2024-07-15,7,3468.83,3393.83,52
2024-01-01,8,4509.33,4408.33,72
2024-01-02,8,4507.1,4358.1,67
2024-01-03,8,4517.76,4351.76,69
2024-01-04,8,4532.28,4365.28,63
2024-01-05,8,4523.12,4467.12,70
2024-01-06,8,4514.75,4419.75,71
2024-01-07,8,4513.35,4418.35,74
2024-01-08,8,4516.42,4367.42,67
2024-01-09,8,4511.18,4318.18,64
2024-01-10,8,4524.7,4421.7,72
2024-01-11,8,4528.94,4417.94,70
2024-01-12,8,4529.33,4351.33,69
2024-01-13,8,4514.97,4416.97,68
2024-01-14,8,4501.82,4427.82,74
2024-01-15,8,4504.63,4445.63,69
2024-01-16,8,4483.3,4316.3,66
2024-01-17,8,4493.43,4300.43,66
2024-01-18,8,4491.85,4350.85,68
2024-01-19,8,4524.28,4341.28,68
2024-01-20,8,4547.36,4354.36,62
2024-01-21,8,4545.54,4348.54,65
2024-01-22,8,4544.48,4415.48,71
2024-01-23,8,4554.43,4434.43,69
2024-01-24,8,4571.46,4444.46,66
2024-01-25,8,4555.08,4463.08,72
2024-01-26,8,4537.22,4398.22,67
2024-01-27,8,4531.0,4404.0,67
2024-01-28,8,4536.83,4461.83,69
2024-01-29,8,4541.8,4371.8,66
2024-01-30,8,4552.49,4458.49,71
2024-01-31,8,4540.5,4428.5,67
2024-02-01,8,4517.34,4400.34,67
2024-02-02,8,4525.92,4474.92,71
2024-02-03,8,4517.63,4326.63,64
2024-02-04,8,4497.45,4340.45,67
2024-02-05,8,4498.9,4419.9,72
2024-02-06,8,4506.83,4408.83,71
2024-02-07,8,4505.61,4316.61,66
2024-02-08,8,4501.03,4408.03,74
2024-02-09,8,4499.44,4437.44,73
2024-02-10,8,4495.73,4368.73,70
2024-02-11,8,4482.25,4307.25,65
2024-02-12,8,4475.11,4328.11,70
2024-02-13,8,4480.32,4405.32,70
2024-02-14,8,4483.54,4285.54,66
2024-02-15,8,4485.22,4388.22,67
2024-02-16,8,4475.26,4360.26,70
2024-02-17,8,4473.45,4337.45,66
2024-02-18,8,4451.68,4323.68,70
2024-02-19,8,4453.46,4381.46,73
2024-02-20,8,4467.75,4337.75,68
2024-02-21,8,4453.01,4356.01,74
2024-02-22,8,4447.15,4274.15,66
2024-02-23,8,4450.44,4271.44,63
2024-02-24,8,4462.97,4329.97,67
2024-02-25,8,4458.49,4389.49,69
2024-02-26,8,4451.57,4356.57,71
2024-02-27,8,4431.88,4251.88,64
2024-02-28,8,4432.91,4371.91,71
2024-02-29,8,4453.33,4364.33,71
2024-03-01,8,4456.11,4341.11,70
2024-03-02,8,4455.88,4306.88,68
2024-03-03,8,4459.1,4332.1,69
2024-03-04,8,4458.99,4393.99,71
2024-03-05,8,4450.86,4318.86,65
2024-03-06,8,4459.1,4366.1,70
2024-03-07,8,4461.35,4278.35,67
2024-03-08,8,4461.53,4312.53,67
2024-03-09,8,4451.78,4380.78,72
2024-03-10,8,4464.81,4397.81,70
2024-03-11,8,4471.46,4410.46,74
2024-03-12,8,4465.93,4293.93,61
2024-03-13,8,4475.95,4309.95,67
2024-03-14,8,4470.97,4370.97,73
2024-03-15,8,4463.15,4343.15,72
2024-03-16,8,4455.55,4358.55,70
2024-03-17,8,4437.84,4369.84,69
2024-03-18,8,4442.56,4387.56,75
2024-03-19,8,4424.25,4291.25,68
2024-03-20,8,4411.96,4309.96,70
2024-03-21,8,4391.21,4235.21,65
2024-03-22,8,4390.35,4240.35,65
2024-03-23,8,4388.84,4291.84,71
2024-03-24,8,4385.58,4201.58,67
2024-03-25,8,4375.15,4257.15,70
2024-03-26,8,4363.43,4303.43,70
2024-03-27,8,4368.07,4176.07,63
2024-03-28,8,4362.57,4182.57,63
2024-03-29,8,4365.73,4194.73,65
2024-03-30,8,4356.88,4238.88,67
2024-03-31,8,4358.69,4286.69,68
2024-04-01,8,4371.72,4285.72,72
2024-04-02,8,4377.58,4319.58,69
2024-04-03,8,4373.46,4309.46,74
2024-04-04,8,4376.03,4196.03,67
2024-04-05,8,4373.62,4231.62,68
2024-04-06,8,4373.7,4307.7,75
2024-04-07,8,4370.45,4172.45,63
2024-04-08,8,4368.8,4247.8,71
2024-04-09,8,4370.92,4172.92,65
2024-04-10,8,4360.99,4190.99,72
2024-04-11,8,4350.83,4290.83,71
2024-04-12,8,4336.95,4215.95,68
2024-04-13,8,4320.94,4165.94,68
2024-04-14,8,4308.77,4134.77,66
2024-04-15,8,4310.37,4226.37,69
2024-04-16,8,4301.44,4133.44,65
2024-04-17,8,4306.57,4243.57,75
2024-04-18,8,4306.92,4243.92,70
2024-04-19,8,4287.24,4228.24,72
2024-04-20,8,4293.79,4104.79,68
2024-04-21,8,4301.89,4214.89,73
2024-04-22,8,4291.95,4134.95,66
2024-04-23,8,4296.16,4128.16,66
2024-04-24,8,4287.59,4204.59,70
2024-04-25,8,4288.57,4229.57,69
2024-04-26,8,4275.92,4104.92,68
2024-04-27,8,4257.99,4063.99,65
2024-04-28,8,4254.16,4060.16,68
2024-04-29,8,4252.93,4088.93,65
2024-04-30,8,4248.95,4198.95,75
2024-05-01,8,4237.11,4176.11,74
2024-05-02,8,4233.11,4081.11,67
2024-05-03,8,4235.8,4182.8,68
2024-05-04,8,4235.35,4045.35,64
2024-05-05,8,4237.18,4090.18,71
2024-05-06,8,4230.48,4075.48,68
2024-05-07,8,4242.2,4108.2,70
2024-05-08,8,4230.43,4060.43,66
2024-05-09,8,4235.31,4054.31,66
2024-05-10,8,4247.13,4116.13,65
2024-05-11,8,4251.94,4183.94,73
2024-05-12,8,4249.91,4070.91,68
2024-05-13,8,4244.63,4183.63,70
2024-05-14,8,4254.99,4124.99,68
2024-05-15,8,4240.76,4117.76,68
2024-05-16,8,4231.06,4084.06,68
2024-05-17,8,4227.08,4172.08,71
2024-05-18,8,4239.46,4054.46,68
2024-05-19,8,4243.26,4069.26,66
2024-05-20,8,4233.58,4133.58,65
2024-05-21,8,4230.47,4170.47,73
2024-05-22,8,4224.33,4048.33,68
2024-05-23,8,4217.23,4028.23,63
2024-05-24,8,4227.02,4105.02,70
2024-05-25,8,4213.3,4162.3,76
2024-05-26,8,4229.39,4172.39,72
2024-05-27,8,4237.67,4049.67,68
2024-05-28,8,4248.58,4075.58,65
2024-05-29,8,4243.95,4141.95,70
2024-05-30,8,4242.45,4183.45,72
2024-05-31,8,4228.12,4067.12,66
2024-06-01,8,4222.88,4165.88,72
2024-06-02,8,4227.81,4142.81,67
2024-06-03,8,4240.77,4085.77,67
2024-06-04,8,4229.7,4166.7,75
2024-06-05,8,4226.05,4091.05,66
2024-06-06,8,4224.53,4026.53,63
2024-06-07,8,4210.58,4111.58,70
2024-06-08,8,4216.49,4147.49,72
2024-06-09,8,4209.25,4073.25,69
2024-06-10,8,4207.3,4023.3,66
2024-06-11,8,4202.78,4016.78,66
2024-06-12,8,4194.88,4016.88,65
2024-06-13,8,4194.81,4107.81,68
2024-06-14,8,4192.66,4099.66,70
2024-06-15,8,4188.94,4053.94,70
2024-06-16,8,4181.65,4088.65,71
2024-06-17,8,4184.85,4061.85,65
2024-06-18,8,4201.38,4033.38,67
2024-06-19,8,4202.78,4031.78,65
2024-06-20,8,4212.74,4029.74,69
2024-06-21,8,4198.84,4004.84,66
2024-06-22,8,4200.42,4100.42,72
2024-06-23,8,4189.45,4102.45,71
2024-06-24,8,4174.68,4074.68,70
2024-06-25,8,4167.28,4108.28,75
2024-06-26,8,4179.2,4010.2,68
2024-06-27,8,4188.7,3990.7,65
2024-06-28,8,4191.13,4072.13,69
2024-06-29,8,4175.81,4041.81,65
2024-06-30,8,4173.84,4067.84,70
2024-07-01,8,4176.86,4001.86,66
2024-07-02,8,4178.62,4090.62,72
2024-07-03,8,4160.18,4078.18,73
2024-07-04,8,4151.27,4084.27,74
2024-07-05,8,4150.63,4044.63,70
2024-07-06,8,4156.0,4011.0,66
2024-07-07,8,4134.03,4037.03,66
2024-07-08,8,4132.41,4041.41,69
2024-07-09,8,4133.84,4057.84,74
2024-07-10,8,4142.34,4019.34,72
2024-07-11,8,4149.27,3990.27,67
2024-07-12,8,4155.09,4074.09,68
2024-07-13,8,4147.1,4072.1,70
2024-07-14,8,4128.02,4054.02,74
2024-07-15,8,4124.08,4000.08,68
