Try_out/price_demand_dataset_cyclical_quantities.csv
Date,Product_ID,Market_Price,Base_Price,Quantity_Demanded
2024-01-01,9,1055.89,980.89,43
2024-01-02,9,1057.58,936.58,39
2024-01-03,9,1064.68,1000.0,40
2024-01-04,9,1082.86,1000.0,42
2024-01-05,9,1088.75,916.75,34
2024-01-06,9,1090.22,897.22,37
2024-01-07,9,1109.51,1000.0,39
2024-01-08,9,1113.0,920.0,34
2024-01-09,9,1105.07,1000.0,38
2024-01-10,9,1111.95,1000.0,41
2024-01-11,9,1116.42,972.42,36
2024-01-12,9,1113.34,1000.0,37
2024-01-13,9,1108.17,939.17,39
2024-01-14,9,1105.19,1000.0,38
2024-01-15,9,1099.87,901.87,35
2024-01-16,9,1097.21,982.21,41
2024-01-17,9,1088.78,949.78,38
2024-01-18,9,1092.64,981.64,43
2024-01-19,9,1095.75,944.75,36
2024-01-20,9,1099.21,911.21,35
2024-01-21,9,1098.58,1000.0,40
2024-01-22,9,1096.81,950.81,39
2024-01-23,9,1111.23,945.23,39
2024-01-24,9,1111.9,998.9,39
2024-01-25,9,1124.54,1000.0,38
2024-01-26,9,1114.57,950.57,34
2024-01-27,9,1120.47,986.47,39
2024-01-28,9,1113.12,1000.0,38
2024-01-29,9,1107.56,1000.0,41
2024-01-30,9,1103.44,996.44,39
2024-01-31,9,1098.69,1000.0,40
2024-02-01,9,1094.0,1000.0,37
2024-02-02,9,1106.17,964.17,34
2024-02-03,9,1106.62,1000.0,43
2024-02-04,9,1108.87,1000.0,40
2024-02-05,9,1104.3,961.3,39
2024-02-06,9,1112.87,925.87,34
2024-02-07,9,1116.42,1000.0,41
2024-02-08,9,1113.33,984.33,40
2024-02-09,9,1097.49,1000.0,39
2024-02-10,9,1099.65,966.65,36
2024-02-11,9,1105.41,947.41,36
2024-02-12,9,1095.62,928.62,37
2024-02-13,9,1092.67,1000.0,41
2024-02-14,9,1098.04,963.04,38
2024-02-15,9,1082.33,962.33,42
2024-02-16,9,1075.84,933.84,36
2024-02-17,9,1079.61,950.61,36
2024-02-18,9,1090.66,939.66,37
2024-02-19,9,1112.52,1000.0,36
2024-02-20,9,1132.1,966.1,38
2024-02-21,9,1133.54,1000.0,39
2024-02-22,9,1128.7,988.7,37
2024-02-23,9,1137.93,998.93,37
2024-02-24,9,1132.5,1000.0,40
2024-02-25,9,1124.87,1000.0,41
2024-02-26,9,1121.82,1000.0,38
2024-02-27,9,1117.51,935.51,37
2024-02-28,9,1121.64,1000.0,41
2024-02-29,9,1115.62,931.62,36
2024-03-01,9,1116.47,1000.0,39
2024-03-02,9,1132.42,978.42,38
2024-03-03,9,1133.64,1000.0,36
2024-03-04,9,1148.81,1000.0,38
2024-03-05,9,1160.83,1000.0,36
2024-03-06,9,1166.75,1000.0,36
2024-03-07,9,1163.21,1000.0,33
2024-03-08,9,1173.61,1000.0,34
2024-03-09,9,1171.11,1000.0,35
2024-03-10,9,1171.09,993.09,38
2024-03-11,9,1174.39,1000.0,37
2024-03-12,9,1174.34,1000.0,38
2024-03-13,9,1167.14,993.14,39
2024-03-14,9,1151.87,1000.0,38
2024-03-15,9,1161.46,1000.0,37
2024-03-16,9,1167.16,993.16,34
2024-03-17,9,1149.95,1000.0,41
2024-03-18,9,1142.49,1000.0,35
2024-03-19,9,1144.28,1000.0,38
2024-03-20,9,1148.7,1000.0,39
2024-03-21,9,1133.52,1000.0,40
2024-03-22,9,1132.63,1000.0,36
2024-03-23,9,1138.02,1000.0,37
2024-03-24,9,1134.51,1000.0,37
2024-03-25,9,1137.07,938.07,31
2024-03-26,9,1132.19,1000.0,39
2024-03-27,9,1141.28,944.28,34
2024-03-28,9,1133.29,981.29,40
2024-03-29,9,1121.87,1000.0,40
2024-03-30,9,1122.16,961.16,37
2024-03-31,9,1107.82,993.82,38
2024-04-01,9,1086.77,908.77,36
2024-04-02,9,1097.61,931.61,36
2024-04-03,9,1087.77,922.77,37
2024-04-04,9,1074.43,920.43,41
2024-04-05,9,1066.31,1000.0,40
2024-04-06,9,1057.75,962.75,40
2024-04-07,9,1056.33,952.33,41
2024-04-08,9,1045.39,921.39,38
2024-04-09,9,1050.37,956.37,43
2024-04-10,9,1056.83,930.83,40
2024-04-11,9,1044.08,971.08,40
2024-04-12,9,1037.9,953.9,41
2024-04-13,9,1032.67,959.67,40
2024-04-14,9,1031.02,954.02,40
2024-04-15,9,1041.85,976.85,41
2024-04-16,9,1053.25,945.25,42
2024-04-17,9,1078.24,885.24,37
2024-04-18,9,1055.55,991.55,42
2024-04-19,9,1046.3,986.3,44
2024-04-20,9,1064.44,936.44,39
2024-04-21,9,1046.44,882.44,34
2024-04-22,9,1064.35,947.35,39
2024-04-23,9,1065.82,973.82,40
2024-04-24,9,1067.67,949.67,41
2024-04-25,9,1054.87,864.87,34
2024-04-26,9,1050.36,863.36,34
2024-04-27,9,1067.83,943.83,39
2024-04-28,9,1067.35,915.35,36
2024-04-29,9,1062.91,972.91,40
2024-04-30,9,1066.96,958.96,39
2024-05-01,9,1065.04,977.04,40
2024-05-02,9,1068.49,1000.0,44
2024-05-03,9,1060.0,1000.0,45
2024-05-04,9,1059.23,961.23,42
2024-05-05,9,1052.81,977.81,38
2024-05-06,9,1034.77,884.77,36
2024-05-07,9,1039.59,911.59,38
2024-05-08,9,1027.26,976.26,39
2024-05-09,9,1025.61,849.61,34
2024-05-10,9,1034.87,853.87,36
2024-05-11,9,1019.89,950.89,41
2024-05-12,9,1025.94,859.94,37
2024-05-13,9,1022.94,941.94,38
2024-05-14,9,1013.28,936.28,40
2024-05-15,9,1033.5,907.5,39
2024-05-16,9,1033.5,983.5,43
2024-05-17,9,1027.82,922.82,41
2024-05-18,9,1020.02,936.02,42
2024-05-19,9,1028.83,867.83,36
2024-05-20,9,1022.71,943.71,41
2024-05-21,9,1030.27,927.27,38
2024-05-22,9,1030.25,945.25,40
2024-05-23,9,1041.41,912.41,36
2024-05-24,9,1030.98,923.98,42
2024-05-25,9,1021.95,889.95,38
2024-05-26,9,1019.14,905.14,41
2024-05-27,9,1017.16,899.16,40
2024-05-28,9,1013.62,836.62,34
2024-05-29,9,1039.93,939.93,41
2024-05-30,9,1060.56,989.56,43
2024-05-31,9,1063.55,907.55,37
2024-06-01,9,1067.72,909.72,37
2024-06-02,9,1065.36,900.36,36
2024-06-03,9,1054.86,904.86,38
2024-06-04,9,1053.04,904.04,38
2024-06-05,9,1060.75,943.75,38
2024-06-06,9,1073.81,988.81,39
2024-06-07,9,1083.77,888.77,38
2024-06-08,9,1068.67,997.67,43
2024-06-09,9,1065.78,950.78,38
2024-06-10,9,1051.09,981.09,42
2024-06-11,9,1062.78,913.78,35
2024-06-12,9,1058.65,881.65,32
2024-06-13,9,1058.18,965.18,43
2024-06-14,9,1062.98,910.98,38
2024-06-15,9,1090.64,994.64,40
2024-06-16,9,1093.32,1000.0,41
2024-06-17,9,1090.94,1000.0,47
2024-06-18,9,1078.53,975.53,42
2024-06-19,9,1093.12,954.12,36
2024-06-20,9,1091.3,957.3,35
2024-06-21,9,1107.87,1000.0,42
2024-06-22,9,1118.93,989.93,40
2024-06-23,9,1114.3,992.3,40
2024-06-24,9,1100.38,1000.0,38
2024-06-25,9,1103.1,953.1,38
2024-06-26,9,1096.95,1000.0,39
2024-06-27,9,1097.35,906.35,37
2024-06-28,9,1107.84,999.84,42
2024-06-29,9,1091.3,945.3,37
2024-06-30,9,1093.95,945.95,40
2024-07-01,9,1101.54,949.54,38
2024-07-02,9,1109.62,1000.0,41
2024-07-03,9,1095.99,1000.0,38
2024-07-04,9,1100.18,928.18,37
2024-07-05,9,1112.22,981.22,37
2024-07-06,9,1115.65,922.65,36
2024-07-07,9,1114.49,933.49,39
2024-07-08,9,1125.89,936.89,36
2024-07-09,9,1118.95,1000.0,37
2024-07-10,9,1103.65,919.65,37
2024-07-11,9,1101.64,1000.0,41
2024-07-12,9,1106.99,1000.0,44
2024-07-13,9,1117.38,969.38,38
2024-07-14,9,1122.69,940.69,35
2024-07-15,9,1131.05,1000.0,40
2024-01-01,10,2498.72,2348.72,52
2024-01-02,10,2499.53,2345.53,60
2024-01-03,10,2490.24,2439.24,63
2024-01-04,10,2489.02,2386.02,63
2024-01-05,10,2489.32,2434.32,66
2024-01-06,10,2488.04,2332.04,54
2024-01-07,10,2482.13,2310.13,57
2024-01-08,10,2485.01,2434.01,63
2024-01-09,10,2475.78,2315.78,56
2024-01-10,10,2464.19,2413.19,63
2024-01-11,10,2471.29,2329.29,58
2024-01-12,10,2477.46,2327.46,56
2024-01-13,10,2464.39,2318.39,58
2024-01-14,10,2446.09,2286.09,59
2024-01-15,10,2436.0,2381.0,63
2024-01-16,10,2434.72,2258.72,57
2024-01-17,10,2446.26,2293.26,57
2024-01-18,10,2444.74,2248.74,56
2024-01-19,10,2437.04,2387.04,60
2024-01-20,10,2438.53,2356.53,60
2024-01-21,10,2437.39,2348.39,60
2024-01-22,10,2423.58,2342.58,58
2024-01-23,10,2409.83,2343.83,60
2024-01-24,10,2396.35,2221.35,57
2024-01-25,10,2421.14,2364.14,62
2024-01-26,10,2429.74,2323.74,61
2024-01-27,10,2423.81,2332.81,59
2024-01-28,10,2434.89,2287.89,58
2024-01-29,10,2429.21,2243.21,54
2024-01-30,10,2439.96,2270.96,58
2024-01-31,10,2440.76,2304.76,61
2024-02-01,10,2434.18,2331.18,61
2024-02-02,10,2440.97,2307.97,60
2024-02-03,10,2442.35,2368.35,61
2024-02-04,10,2446.33,2330.33,61
2024-02-05,10,2448.49,2353.49,60
2024-02-06,10,2450.54,2379.54,59
2024-02-07,10,2458.54,2270.54,56
2024-02-08,10,2484.38,2427.38,60
2024-02-09,10,2496.87,2408.87,65
2024-02-10,10,2499.07,2401.07,59
2024-02-11,10,2495.96,2400.96,62
2024-02-12,10,2493.95,2406.95,61
2024-02-13,10,2481.39,2296.39,53
2024-02-14,10,2488.04,2385.04,56
2024-02-15,10,2477.89,2336.89,59
2024-02-16,10,2474.16,2385.16,64
2024-02-17,10,2480.87,2397.87,59
2024-02-18,10,2478.49,2333.49,54
2024-02-19,10,2473.57,2345.57,58
2024-02-20,10,2461.59,2285.59,54
2024-02-21,10,2473.65,2407.65,60
2024-02-22,10,2465.32,2306.32,58
2024-02-23,10,2459.46,2358.46,60
2024-02-24,10,2441.54,2274.54,55
2024-02-25,10,2441.34,2383.34,63
2024-02-26,10,2438.01,2356.01,62
2024-02-27,10,2439.83,2277.83,56
2024-02-28,10,2428.08,2230.08,55
2024-02-29,10,2435.42,2301.42,59
2024-03-01,10,2417.03,2358.03,63
2024-03-02,10,2416.11,2361.11,62
2024-03-03,10,2417.26,2253.26,60
2024-03-04,10,2417.84,2247.84,58
2024-03-05,10,2419.42,2229.42,55
2024-03-06,10,2427.31,2313.31,58
2024-03-07,10,2440.55,2371.55,60
2024-03-08,10,2439.0,2333.0,61
2024-03-09,10,2429.32,2334.32,59
2024-03-10,10,2434.92,2249.92,55
2024-03-11,10,2432.12,2373.12,64
2024-03-12,10,2444.77,2282.77,57
2024-03-13,10,2438.75,2250.75,58
2024-03-14,10,2430.17,2369.17,64
2024-03-15,10,2431.61,2244.61,53
2024-03-16,10,2414.2,2354.2,62
2024-03-17,10,2409.53,2242.53,59
2024-03-18,10,2406.23,2318.23,58
2024-03-19,10,2408.43,2306.43,61
2024-03-20,10,2398.47,2293.47,60
2024-03-21,10,2389.68,2236.68,54
2024-03-22,10,2401.25,2223.25,56
2024-03-23,10,2401.11,2296.11,58
2024-03-24,10,2409.76,2242.76,54
2024-03-25,10,2404.34,2223.34,56
2024-03-26,10,2403.8,2324.8,57
2024-03-27,10,2405.94,2344.94,61
2024-03-28,10,2423.42,2339.42,66
2024-03-29,10,2421.24,2295.24,60
2024-03-30,10,2419.58,2268.58,56
2024-03-31,10,2430.56,2294.56,61
2024-04-01,10,2426.76,2325.76,58
2024-04-02,10,2429.61,2300.61,57
2024-04-03,10,2439.72,2255.72,54
2024-04-04,10,2433.96,2362.96,62
2024-04-05,10,2437.36,2313.36,62
2024-04-06,10,2454.82,2347.82,58
2024-04-07,10,2464.03,2322.03,54
2024-04-08,10,2466.88,2314.88,60
2024-04-09,10,2464.64,2275.64,59
2024-04-10,10,2458.59,2402.59,58
2024-04-11,10,2448.71,2271.71,57
2024-04-12,10,2463.81,2359.81,60
2024-04-13,10,2476.96,2321.96,56
2024-04-14,10,2470.39,2359.39,57
2024-04-15,10,2473.77,2334.77,60
2024-04-16,10,2474.88,2327.88,58
2024-04-17,10,2486.73,2360.73,59
2024-04-18,10,2490.55,2322.55,55
2024-04-19,10,2490.33,2405.33,59
2024-04-20,10,2484.91,2346.91,53
2024-04-21,10,2488.32,2294.32,55
2024-04-22,10,2484.84,2305.84,59
2024-04-23,10,2487.04,2297.04,54
2024-04-24,10,2486.28,2344.28,55
2024-04-25,10,2482.56,2319.56,58
2024-04-26,10,2472.83,2395.83,62
2024-04-27,10,2477.97,2285.97,54
2024-04-28,10,2478.4,2396.4,60
2024-04-29,10,2496.27,2427.27,62
2024-04-30,10,2485.95,2296.95,55
2024-05-01,10,2492.2,2342.2,60
2024-05-02,10,2491.38,2419.38,66
2024-05-03,10,2512.37,2351.37,54
2024-05-04,10,2517.86,2454.86,64
2024-05-05,10,2521.11,2381.11,58
2024-05-06,10,2520.31,2394.31,61
2024-05-07,10,2513.28,2379.28,60
2024-05-08,10,2516.39,2358.39,57
2024-05-09,10,2502.57,2422.57,63
2024-05-10,10,2489.21,2318.21,56
2024-05-11,10,2499.33,2343.33,56
2024-05-12,10,2481.71,2378.71,61
2024-05-13,10,2478.51,2296.51,54
2024-05-14,10,2468.02,2278.02,57
2024-05-15,10,2464.0,2372.0,60
2024-05-16,10,2465.84,2327.84,53
2024-05-17,10,2475.69,2311.69,56
2024-05-18,10,2487.87,2339.87,58
2024-05-19,10,2478.68,2382.68,59
2024-05-20,10,2474.02,2354.02,54
2024-05-21,10,2514.54,2398.54,62
2024-05-22,10,2512.04,2401.04,60
2024-05-23,10,2503.22,2345.22,58
2024-05-24,10,2496.06,2410.06,60
2024-05-25,10,2493.62,2325.62,58
2024-05-26,10,2489.69,2354.69,62
2024-05-27,10,2487.35,2312.35,55
2024-05-28,10,2487.13,2302.13,59
2024-05-29,10,2486.85,2385.85,61
2024-05-30,10,2477.3,2337.3,56
2024-05-31,10,2480.99,2398.99,65
2024-06-01,10,2482.2,2352.2,59
2024-06-02,10,2487.17,2396.17,62
2024-06-03,10,2470.02,2309.02,56
2024-06-04,10,2471.59,2296.59,55
2024-06-05,10,2451.73,2266.73,56
2024-06-06,10,2449.98,2294.98,60
2024-06-07,10,2456.56,2282.56,56
2024-06-08,10,2467.01,2305.01,57
2024-06-09,10,2470.36,2357.36,62
2024-06-10,10,2477.11,2305.11,56
2024-06-11,10,2474.12,2311.12,58
2024-06-12,10,2469.03,2400.03,63
2024-06-13,10,2495.96,2430.96,61
2024-06-14,10,2504.23,2310.23,56
2024-06-15,10,2492.5,2424.5,63
2024-06-16,10,2475.15,2306.15,56
2024-06-17,10,2470.5,2285.5,57
2024-06-18,10,2482.42,2395.42,60
2024-06-19,10,2482.91,2340.91,57
2024-06-20,10,2460.67,2306.67,54
2024-06-21,10,2458.9,2309.9,57
2024-06-22,10,2458.87,2319.87,56
2024-06-23,10,2434.72,2341.72,60
2024-06-24,10,2434.96,2309.96,60
2024-06-25,10,2424.82,2230.82,52
2024-06-26,10,2406.47,2278.47,55
2024-06-27,10,2422.51,2300.51,57
2024-06-28,10,2411.94,2222.94,56
2024-06-29,10,2405.26,2260.26,58
2024-06-30,10,2398.46,2260.46,57
2024-07-01,10,2398.48,2246.48,60
2024-07-02,10,2416.14,2221.14,54
2024-07-03,10,2404.18,2349.18,63
2024-07-04,10,2401.11,2230.11,56
2024-07-05,10,2402.32,2237.32,55
2024-07-06,10,2393.63,2282.63,58
2024-07-07,10,2390.41,2197.41,57
2024-07-08,10,2396.35,2211.35,56
2024-07-09,10,2388.79,2250.79,60
2024-07-10,10,2385.41,2240.41,58
2024-07-11,10,2381.09,2206.09,53
2024-07-12,10,2380.06,2241.06,62
2024-07-13,10,2382.49,2247.49,59
2024-07-14,10,2388.35,2201.35,57
2024-07-15,10,2407.73,2237.73,56
